// Jest Snapshot v1, https://goo.gl/fbAQLP

exports[`CurrentFires should match snapshot 1`] = `
ShallowWrapper {
  "length": 1,
  Symbol(enzyme.__root__): [Circular],
  Symbol(enzyme.__unrendered__): <CurrentFires
    currentFires={
        Array [
            Object {
              "acresBurned": " 54129 acres",
              "image": undefined,
              "lastUpdate": " 7/24/2018 10:15:00 PM",
              "latitude": "37.4605800000001",
              "longitude": "-107.8081",
              "name": "416",
            },
          ]
    }
/>,
  Symbol(enzyme.__renderer__): Object {
    "batchedUpdates": [Function],
    "getNode": [Function],
    "render": [Function],
    "simulateEvent": [Function],
    "unmount": [Function],
  },
  Symbol(enzyme.__node__): Object {
    "instance": null,
    "key": undefined,
    "nodeType": "host",
    "props": Object {
      "children": <Map
        center={
                Object {
                        "lat": undefined,
                        "lng": undefined,
                      }
        }
        centerAroundCurrentLocation={false}
        containerStyle={Object {}}
        google={undefined}
        initialCenter={
                Object {
                        "lat": 45,
                        "lng": -105,
                      }
        }
        maxZoom={14}
        minZoom={3.4}
        onClick={[Function]}
        style={Object {}}
        visible={true}
        zoom={3.4}
>
        <Marker
                acresBurned=" 54129 acres"
                google={undefined}
                lastUpdate=" 7/24/2018 10:15:00 PM"
                name="<a href='https://www.google.com/search?416>fire.name</a>"
                onClick={[Function]}
                position={
                        Object {
                                "lat": "37.4605800000001",
                                "lng": "-107.8081",
                              }
                }
                title="416"
        />
        <InfoWindow
                marker={Object {}}
                visible={false}
        >
                <div>
                        <h1 />
                        <h3>
                                Current Burn: 
                        </h3>
                        <h3>
                                Last updated on 
                        </h3>
                </div>
        </InfoWindow>
</Map>,
      "className": "map",
    },
    "ref": null,
    "rendered": Object {
      "instance": null,
      "key": undefined,
      "nodeType": "class",
      "props": Object {
        "center": Object {
          "lat": undefined,
          "lng": undefined,
        },
        "centerAroundCurrentLocation": false,
        "children": Array [
          Array [
            <Marker
              acresBurned=" 54129 acres"
              google={undefined}
              lastUpdate=" 7/24/2018 10:15:00 PM"
              name="<a href='https://www.google.com/search?416>fire.name</a>"
              onClick={[Function]}
              position={
                            Object {
                                          "lat": "37.4605800000001",
                                          "lng": "-107.8081",
                                        }
              }
              title="416"
/>,
          ],
          <InfoWindow
            marker={Object {}}
            visible={false}
>
            <div>
                        <h1 />
                        <h3>
                                    Current Burn: 
                        </h3>
                        <h3>
                                    Last updated on 
                        </h3>
            </div>
</InfoWindow>,
        ],
        "containerStyle": Object {},
        "google": undefined,
        "initialCenter": Object {
          "lat": 45,
          "lng": -105,
        },
        "maxZoom": 14,
        "minZoom": 3.4,
        "onClick": [Function],
        "style": Object {},
        "visible": true,
        "zoom": 3.4,
      },
      "ref": null,
      "rendered": Array [
        Object {
          "instance": null,
          "key": "416",
          "nodeType": "class",
          "props": Object {
            "acresBurned": " 54129 acres",
            "google": undefined,
            "lastUpdate": " 7/24/2018 10:15:00 PM",
            "name": "<a href='https://www.google.com/search?416>fire.name</a>",
            "onClick": [Function],
            "position": Object {
              "lat": "37.4605800000001",
              "lng": "-107.8081",
            },
            "title": "416",
          },
          "ref": null,
          "rendered": null,
          "type": [Function],
        },
        Object {
          "instance": null,
          "key": undefined,
          "nodeType": "class",
          "props": Object {
            "children": <div>
              <h1 />
              <h3>
                            Current Burn: 
              </h3>
              <h3>
                            Last updated on 
              </h3>
</div>,
            "marker": Object {},
            "visible": false,
          },
          "ref": null,
          "rendered": Object {
            "instance": null,
            "key": undefined,
            "nodeType": "host",
            "props": Object {
              "children": Array [
                <h1 />,
                <h3>
                  Current Burn: 
</h3>,
                <h3>
                  Last updated on 
</h3>,
              ],
            },
            "ref": null,
            "rendered": Array [
              Object {
                "instance": null,
                "key": undefined,
                "nodeType": "host",
                "props": Object {
                  "children": undefined,
                },
                "ref": null,
                "rendered": null,
                "type": "h1",
              },
              Object {
                "instance": null,
                "key": undefined,
                "nodeType": "host",
                "props": Object {
                  "children": Array [
                    "Current Burn: ",
                    undefined,
                  ],
                },
                "ref": null,
                "rendered": Array [
                  "Current Burn: ",
                  undefined,
                ],
                "type": "h3",
              },
              Object {
                "instance": null,
                "key": undefined,
                "nodeType": "host",
                "props": Object {
                  "children": Array [
                    "Last updated on ",
                    undefined,
                  ],
                },
                "ref": null,
                "rendered": Array [
                  "Last updated on ",
                  undefined,
                ],
                "type": "h3",
              },
            ],
            "type": "div",
          },
          "type": [Function],
        },
      ],
      "type": [Function],
    },
    "type": "div",
  },
  Symbol(enzyme.__nodes__): Array [
    Object {
      "instance": null,
      "key": undefined,
      "nodeType": "host",
      "props": Object {
        "children": <Map
          center={
                    Object {
                              "lat": undefined,
                              "lng": undefined,
                            }
          }
          centerAroundCurrentLocation={false}
          containerStyle={Object {}}
          google={undefined}
          initialCenter={
                    Object {
                              "lat": 45,
                              "lng": -105,
                            }
          }
          maxZoom={14}
          minZoom={3.4}
          onClick={[Function]}
          style={Object {}}
          visible={true}
          zoom={3.4}
>
          <Marker
                    acresBurned=" 54129 acres"
                    google={undefined}
                    lastUpdate=" 7/24/2018 10:15:00 PM"
                    name="<a href='https://www.google.com/search?416>fire.name</a>"
                    onClick={[Function]}
                    position={
                              Object {
                                        "lat": "37.4605800000001",
                                        "lng": "-107.8081",
                                      }
                    }
                    title="416"
          />
          <InfoWindow
                    marker={Object {}}
                    visible={false}
          >
                    <div>
                              <h1 />
                              <h3>
                                        Current Burn: 
                              </h3>
                              <h3>
                                        Last updated on 
                              </h3>
                    </div>
          </InfoWindow>
</Map>,
        "className": "map",
      },
      "ref": null,
      "rendered": Object {
        "instance": null,
        "key": undefined,
        "nodeType": "class",
        "props": Object {
          "center": Object {
            "lat": undefined,
            "lng": undefined,
          },
          "centerAroundCurrentLocation": false,
          "children": Array [
            Array [
              <Marker
                acresBurned=" 54129 acres"
                google={undefined}
                lastUpdate=" 7/24/2018 10:15:00 PM"
                name="<a href='https://www.google.com/search?416>fire.name</a>"
                onClick={[Function]}
                position={
                                Object {
                                                "lat": "37.4605800000001",
                                                "lng": "-107.8081",
                                              }
                }
                title="416"
/>,
            ],
            <InfoWindow
              marker={Object {}}
              visible={false}
>
              <div>
                            <h1 />
                            <h3>
                                          Current Burn: 
                            </h3>
                            <h3>
                                          Last updated on 
                            </h3>
              </div>
</InfoWindow>,
          ],
          "containerStyle": Object {},
          "google": undefined,
          "initialCenter": Object {
            "lat": 45,
            "lng": -105,
          },
          "maxZoom": 14,
          "minZoom": 3.4,
          "onClick": [Function],
          "style": Object {},
          "visible": true,
          "zoom": 3.4,
        },
        "ref": null,
        "rendered": Array [
          Object {
            "instance": null,
            "key": "416",
            "nodeType": "class",
            "props": Object {
              "acresBurned": " 54129 acres",
              "google": undefined,
              "lastUpdate": " 7/24/2018 10:15:00 PM",
              "name": "<a href='https://www.google.com/search?416>fire.name</a>",
              "onClick": [Function],
              "position": Object {
                "lat": "37.4605800000001",
                "lng": "-107.8081",
              },
              "title": "416",
            },
            "ref": null,
            "rendered": null,
            "type": [Function],
          },
          Object {
            "instance": null,
            "key": undefined,
            "nodeType": "class",
            "props": Object {
              "children": <div>
                <h1 />
                <h3>
                                Current Burn: 
                </h3>
                <h3>
                                Last updated on 
                </h3>
</div>,
              "marker": Object {},
              "visible": false,
            },
            "ref": null,
            "rendered": Object {
              "instance": null,
              "key": undefined,
              "nodeType": "host",
              "props": Object {
                "children": Array [
                  <h1 />,
                  <h3>
                    Current Burn: 
</h3>,
                  <h3>
                    Last updated on 
</h3>,
                ],
              },
              "ref": null,
              "rendered": Array [
                Object {
                  "instance": null,
                  "key": undefined,
                  "nodeType": "host",
                  "props": Object {
                    "children": undefined,
                  },
                  "ref": null,
                  "rendered": null,
                  "type": "h1",
                },
                Object {
                  "instance": null,
                  "key": undefined,
                  "nodeType": "host",
                  "props": Object {
                    "children": Array [
                      "Current Burn: ",
                      undefined,
                    ],
                  },
                  "ref": null,
                  "rendered": Array [
                    "Current Burn: ",
                    undefined,
                  ],
                  "type": "h3",
                },
                Object {
                  "instance": null,
                  "key": undefined,
                  "nodeType": "host",
                  "props": Object {
                    "children": Array [
                      "Last updated on ",
                      undefined,
                    ],
                  },
                  "ref": null,
                  "rendered": Array [
                    "Last updated on ",
                    undefined,
                  ],
                  "type": "h3",
                },
              ],
              "type": "div",
            },
            "type": [Function],
          },
        ],
        "type": [Function],
      },
      "type": "div",
    },
  ],
  Symbol(enzyme.__options__): Object {
    "adapter": ReactSixteenAdapter {
      "options": Object {
        "enableComponentDidUpdateOnSetState": true,
      },
    },
  },
}
`;
