// Jest Snapshot v1, https://goo.gl/fbAQLP

exports[`ReportFiresForm should match snapshot 1`] = `
ShallowWrapper {
  "length": 1,
  Symbol(enzyme.__root__): [Circular],
  Symbol(enzyme.__unrendered__): <ReportFiresForm />,
  Symbol(enzyme.__renderer__): Object {
    "batchedUpdates": [Function],
    "getNode": [Function],
    "render": [Function],
    "simulateEvent": [Function],
    "unmount": [Function],
  },
  Symbol(enzyme.__node__): Object {
    "instance": null,
    "key": undefined,
    "nodeType": "host",
    "props": Object {
      "children": Array [
        <div
          className="form-fire-logo"
/>,
        <h2>
          Report a Fire
</h2>,
        <section
          className="reportFire-form-section"
>
          <label
                    for="name"
          />
          <input
                    id="name"
                    name="first_name"
                    onChange={[Function]}
                    placeholder="First Name"
                    value=""
          />
          <label
                    for="lastName"
          />
          <input
                    id="lastName"
                    name="last_name"
                    onChange={[Function]}
                    placeholder="Last Name"
                    value=""
          />
</section>,
        <br />,
        <section
          className="reportFire-form-section"
>
          <h3>
                    <span
                              className="star"
                    >
                              *
                    </span>
                    Required
          </h3>
          <label
                    for="latitude"
          />
          <input
                    id="latitude"
                    name="latitude"
                    onChange={[Function]}
                    placeholder="Latitude"
                    required={true}
                    value=""
          />
          <label
                    for="longitude"
          />
          <input
                    id="longitude"
                    name="longitude"
                    onChange={[Function]}
                    placeholder="Longitude"
                    required={true}
                    value=""
          />
</section>,
        <br />,
        <section
          className="reportFire-form-section"
>
          <label
                    for="city"
          />
          <br />
          <h3>
                    <span
                              className="star"
                    >
                              *
                    </span>
                     optional
          </h3>
          <input
                    id="city"
                    name="city"
                    onChange={[Function]}
                    placeholder="City"
                    value=""
          />
          <label
                    for="state"
          />
          <input
                    id="state"
                    name="state"
                    onChange={[Function]}
                    placeholder="State"
                    value=""
          />
          <label
                    for="zip code"
          />
          <input
                    id="zipCode"
                    name="zip_code"
                    onChange={[Function]}
                    placeholder="Zip Code"
                    value=""
          />
</section>,
        <button
          onClick={[Function]}
>
          Submit
</button>,
      ],
    },
    "ref": null,
    "rendered": Array [
      Object {
        "instance": null,
        "key": undefined,
        "nodeType": "host",
        "props": Object {
          "className": "form-fire-logo",
        },
        "ref": null,
        "rendered": null,
        "type": "div",
      },
      Object {
        "instance": null,
        "key": undefined,
        "nodeType": "host",
        "props": Object {
          "children": "Report a Fire",
        },
        "ref": null,
        "rendered": "Report a Fire",
        "type": "h2",
      },
      Object {
        "instance": null,
        "key": undefined,
        "nodeType": "host",
        "props": Object {
          "children": Array [
            <label
              for="name"
/>,
            <input
              id="name"
              name="first_name"
              onChange={[Function]}
              placeholder="First Name"
              value=""
/>,
            <label
              for="lastName"
/>,
            <input
              id="lastName"
              name="last_name"
              onChange={[Function]}
              placeholder="Last Name"
              value=""
/>,
          ],
          "className": "reportFire-form-section",
        },
        "ref": null,
        "rendered": Array [
          Object {
            "instance": null,
            "key": undefined,
            "nodeType": "host",
            "props": Object {
              "for": "name",
            },
            "ref": null,
            "rendered": null,
            "type": "label",
          },
          Object {
            "instance": null,
            "key": undefined,
            "nodeType": "host",
            "props": Object {
              "id": "name",
              "name": "first_name",
              "onChange": [Function],
              "placeholder": "First Name",
              "value": "",
            },
            "ref": null,
            "rendered": null,
            "type": "input",
          },
          Object {
            "instance": null,
            "key": undefined,
            "nodeType": "host",
            "props": Object {
              "for": "lastName",
            },
            "ref": null,
            "rendered": null,
            "type": "label",
          },
          Object {
            "instance": null,
            "key": undefined,
            "nodeType": "host",
            "props": Object {
              "id": "lastName",
              "name": "last_name",
              "onChange": [Function],
              "placeholder": "Last Name",
              "value": "",
            },
            "ref": null,
            "rendered": null,
            "type": "input",
          },
        ],
        "type": "section",
      },
      Object {
        "instance": null,
        "key": undefined,
        "nodeType": "host",
        "props": Object {},
        "ref": null,
        "rendered": null,
        "type": "br",
      },
      Object {
        "instance": null,
        "key": undefined,
        "nodeType": "host",
        "props": Object {
          "children": Array [
            <h3>
              <span
                            className="star"
              >
                            *
              </span>
              Required
</h3>,
            <label
              for="latitude"
/>,
            <input
              id="latitude"
              name="latitude"
              onChange={[Function]}
              placeholder="Latitude"
              required={true}
              value=""
/>,
            <label
              for="longitude"
/>,
            <input
              id="longitude"
              name="longitude"
              onChange={[Function]}
              placeholder="Longitude"
              required={true}
              value=""
/>,
          ],
          "className": "reportFire-form-section",
        },
        "ref": null,
        "rendered": Array [
          Object {
            "instance": null,
            "key": undefined,
            "nodeType": "host",
            "props": Object {
              "children": Array [
                <span
                  className="star"
>
                  *
</span>,
                "Required",
              ],
            },
            "ref": null,
            "rendered": Array [
              Object {
                "instance": null,
                "key": undefined,
                "nodeType": "host",
                "props": Object {
                  "children": "*",
                  "className": "star",
                },
                "ref": null,
                "rendered": "*",
                "type": "span",
              },
              "Required",
            ],
            "type": "h3",
          },
          Object {
            "instance": null,
            "key": undefined,
            "nodeType": "host",
            "props": Object {
              "for": "latitude",
            },
            "ref": null,
            "rendered": null,
            "type": "label",
          },
          Object {
            "instance": null,
            "key": undefined,
            "nodeType": "host",
            "props": Object {
              "id": "latitude",
              "name": "latitude",
              "onChange": [Function],
              "placeholder": "Latitude",
              "required": true,
              "value": "",
            },
            "ref": null,
            "rendered": null,
            "type": "input",
          },
          Object {
            "instance": null,
            "key": undefined,
            "nodeType": "host",
            "props": Object {
              "for": "longitude",
            },
            "ref": null,
            "rendered": null,
            "type": "label",
          },
          Object {
            "instance": null,
            "key": undefined,
            "nodeType": "host",
            "props": Object {
              "id": "longitude",
              "name": "longitude",
              "onChange": [Function],
              "placeholder": "Longitude",
              "required": true,
              "value": "",
            },
            "ref": null,
            "rendered": null,
            "type": "input",
          },
        ],
        "type": "section",
      },
      Object {
        "instance": null,
        "key": undefined,
        "nodeType": "host",
        "props": Object {},
        "ref": null,
        "rendered": null,
        "type": "br",
      },
      Object {
        "instance": null,
        "key": undefined,
        "nodeType": "host",
        "props": Object {
          "children": Array [
            <label
              for="city"
/>,
            <br />,
            <h3>
              <span
                            className="star"
              >
                            *
              </span>
               optional
</h3>,
            <input
              id="city"
              name="city"
              onChange={[Function]}
              placeholder="City"
              value=""
/>,
            <label
              for="state"
/>,
            <input
              id="state"
              name="state"
              onChange={[Function]}
              placeholder="State"
              value=""
/>,
            <label
              for="zip code"
/>,
            <input
              id="zipCode"
              name="zip_code"
              onChange={[Function]}
              placeholder="Zip Code"
              value=""
/>,
          ],
          "className": "reportFire-form-section",
        },
        "ref": null,
        "rendered": Array [
          Object {
            "instance": null,
            "key": undefined,
            "nodeType": "host",
            "props": Object {
              "for": "city",
            },
            "ref": null,
            "rendered": null,
            "type": "label",
          },
          Object {
            "instance": null,
            "key": undefined,
            "nodeType": "host",
            "props": Object {},
            "ref": null,
            "rendered": null,
            "type": "br",
          },
          Object {
            "instance": null,
            "key": undefined,
            "nodeType": "host",
            "props": Object {
              "children": Array [
                <span
                  className="star"
>
                  *
</span>,
                " optional",
              ],
            },
            "ref": null,
            "rendered": Array [
              Object {
                "instance": null,
                "key": undefined,
                "nodeType": "host",
                "props": Object {
                  "children": "*",
                  "className": "star",
                },
                "ref": null,
                "rendered": "*",
                "type": "span",
              },
              " optional",
            ],
            "type": "h3",
          },
          Object {
            "instance": null,
            "key": undefined,
            "nodeType": "host",
            "props": Object {
              "id": "city",
              "name": "city",
              "onChange": [Function],
              "placeholder": "City",
              "value": "",
            },
            "ref": null,
            "rendered": null,
            "type": "input",
          },
          Object {
            "instance": null,
            "key": undefined,
            "nodeType": "host",
            "props": Object {
              "for": "state",
            },
            "ref": null,
            "rendered": null,
            "type": "label",
          },
          Object {
            "instance": null,
            "key": undefined,
            "nodeType": "host",
            "props": Object {
              "id": "state",
              "name": "state",
              "onChange": [Function],
              "placeholder": "State",
              "value": "",
            },
            "ref": null,
            "rendered": null,
            "type": "input",
          },
          Object {
            "instance": null,
            "key": undefined,
            "nodeType": "host",
            "props": Object {
              "for": "zip code",
            },
            "ref": null,
            "rendered": null,
            "type": "label",
          },
          Object {
            "instance": null,
            "key": undefined,
            "nodeType": "host",
            "props": Object {
              "id": "zipCode",
              "name": "zip_code",
              "onChange": [Function],
              "placeholder": "Zip Code",
              "value": "",
            },
            "ref": null,
            "rendered": null,
            "type": "input",
          },
        ],
        "type": "section",
      },
      Object {
        "instance": null,
        "key": undefined,
        "nodeType": "host",
        "props": Object {
          "children": "Submit",
          "onClick": [Function],
        },
        "ref": null,
        "rendered": "Submit",
        "type": "button",
      },
    ],
    "type": "form",
  },
  Symbol(enzyme.__nodes__): Array [
    Object {
      "instance": null,
      "key": undefined,
      "nodeType": "host",
      "props": Object {
        "children": Array [
          <div
            className="form-fire-logo"
/>,
          <h2>
            Report a Fire
</h2>,
          <section
            className="reportFire-form-section"
>
            <label
                        for="name"
            />
            <input
                        id="name"
                        name="first_name"
                        onChange={[Function]}
                        placeholder="First Name"
                        value=""
            />
            <label
                        for="lastName"
            />
            <input
                        id="lastName"
                        name="last_name"
                        onChange={[Function]}
                        placeholder="Last Name"
                        value=""
            />
</section>,
          <br />,
          <section
            className="reportFire-form-section"
>
            <h3>
                        <span
                                    className="star"
                        >
                                    *
                        </span>
                        Required
            </h3>
            <label
                        for="latitude"
            />
            <input
                        id="latitude"
                        name="latitude"
                        onChange={[Function]}
                        placeholder="Latitude"
                        required={true}
                        value=""
            />
            <label
                        for="longitude"
            />
            <input
                        id="longitude"
                        name="longitude"
                        onChange={[Function]}
                        placeholder="Longitude"
                        required={true}
                        value=""
            />
</section>,
          <br />,
          <section
            className="reportFire-form-section"
>
            <label
                        for="city"
            />
            <br />
            <h3>
                        <span
                                    className="star"
                        >
                                    *
                        </span>
                         optional
            </h3>
            <input
                        id="city"
                        name="city"
                        onChange={[Function]}
                        placeholder="City"
                        value=""
            />
            <label
                        for="state"
            />
            <input
                        id="state"
                        name="state"
                        onChange={[Function]}
                        placeholder="State"
                        value=""
            />
            <label
                        for="zip code"
            />
            <input
                        id="zipCode"
                        name="zip_code"
                        onChange={[Function]}
                        placeholder="Zip Code"
                        value=""
            />
</section>,
          <button
            onClick={[Function]}
>
            Submit
</button>,
        ],
      },
      "ref": null,
      "rendered": Array [
        Object {
          "instance": null,
          "key": undefined,
          "nodeType": "host",
          "props": Object {
            "className": "form-fire-logo",
          },
          "ref": null,
          "rendered": null,
          "type": "div",
        },
        Object {
          "instance": null,
          "key": undefined,
          "nodeType": "host",
          "props": Object {
            "children": "Report a Fire",
          },
          "ref": null,
          "rendered": "Report a Fire",
          "type": "h2",
        },
        Object {
          "instance": null,
          "key": undefined,
          "nodeType": "host",
          "props": Object {
            "children": Array [
              <label
                for="name"
/>,
              <input
                id="name"
                name="first_name"
                onChange={[Function]}
                placeholder="First Name"
                value=""
/>,
              <label
                for="lastName"
/>,
              <input
                id="lastName"
                name="last_name"
                onChange={[Function]}
                placeholder="Last Name"
                value=""
/>,
            ],
            "className": "reportFire-form-section",
          },
          "ref": null,
          "rendered": Array [
            Object {
              "instance": null,
              "key": undefined,
              "nodeType": "host",
              "props": Object {
                "for": "name",
              },
              "ref": null,
              "rendered": null,
              "type": "label",
            },
            Object {
              "instance": null,
              "key": undefined,
              "nodeType": "host",
              "props": Object {
                "id": "name",
                "name": "first_name",
                "onChange": [Function],
                "placeholder": "First Name",
                "value": "",
              },
              "ref": null,
              "rendered": null,
              "type": "input",
            },
            Object {
              "instance": null,
              "key": undefined,
              "nodeType": "host",
              "props": Object {
                "for": "lastName",
              },
              "ref": null,
              "rendered": null,
              "type": "label",
            },
            Object {
              "instance": null,
              "key": undefined,
              "nodeType": "host",
              "props": Object {
                "id": "lastName",
                "name": "last_name",
                "onChange": [Function],
                "placeholder": "Last Name",
                "value": "",
              },
              "ref": null,
              "rendered": null,
              "type": "input",
            },
          ],
          "type": "section",
        },
        Object {
          "instance": null,
          "key": undefined,
          "nodeType": "host",
          "props": Object {},
          "ref": null,
          "rendered": null,
          "type": "br",
        },
        Object {
          "instance": null,
          "key": undefined,
          "nodeType": "host",
          "props": Object {
            "children": Array [
              <h3>
                <span
                                className="star"
                >
                                *
                </span>
                Required
</h3>,
              <label
                for="latitude"
/>,
              <input
                id="latitude"
                name="latitude"
                onChange={[Function]}
                placeholder="Latitude"
                required={true}
                value=""
/>,
              <label
                for="longitude"
/>,
              <input
                id="longitude"
                name="longitude"
                onChange={[Function]}
                placeholder="Longitude"
                required={true}
                value=""
/>,
            ],
            "className": "reportFire-form-section",
          },
          "ref": null,
          "rendered": Array [
            Object {
              "instance": null,
              "key": undefined,
              "nodeType": "host",
              "props": Object {
                "children": Array [
                  <span
                    className="star"
>
                    *
</span>,
                  "Required",
                ],
              },
              "ref": null,
              "rendered": Array [
                Object {
                  "instance": null,
                  "key": undefined,
                  "nodeType": "host",
                  "props": Object {
                    "children": "*",
                    "className": "star",
                  },
                  "ref": null,
                  "rendered": "*",
                  "type": "span",
                },
                "Required",
              ],
              "type": "h3",
            },
            Object {
              "instance": null,
              "key": undefined,
              "nodeType": "host",
              "props": Object {
                "for": "latitude",
              },
              "ref": null,
              "rendered": null,
              "type": "label",
            },
            Object {
              "instance": null,
              "key": undefined,
              "nodeType": "host",
              "props": Object {
                "id": "latitude",
                "name": "latitude",
                "onChange": [Function],
                "placeholder": "Latitude",
                "required": true,
                "value": "",
              },
              "ref": null,
              "rendered": null,
              "type": "input",
            },
            Object {
              "instance": null,
              "key": undefined,
              "nodeType": "host",
              "props": Object {
                "for": "longitude",
              },
              "ref": null,
              "rendered": null,
              "type": "label",
            },
            Object {
              "instance": null,
              "key": undefined,
              "nodeType": "host",
              "props": Object {
                "id": "longitude",
                "name": "longitude",
                "onChange": [Function],
                "placeholder": "Longitude",
                "required": true,
                "value": "",
              },
              "ref": null,
              "rendered": null,
              "type": "input",
            },
          ],
          "type": "section",
        },
        Object {
          "instance": null,
          "key": undefined,
          "nodeType": "host",
          "props": Object {},
          "ref": null,
          "rendered": null,
          "type": "br",
        },
        Object {
          "instance": null,
          "key": undefined,
          "nodeType": "host",
          "props": Object {
            "children": Array [
              <label
                for="city"
/>,
              <br />,
              <h3>
                <span
                                className="star"
                >
                                *
                </span>
                 optional
</h3>,
              <input
                id="city"
                name="city"
                onChange={[Function]}
                placeholder="City"
                value=""
/>,
              <label
                for="state"
/>,
              <input
                id="state"
                name="state"
                onChange={[Function]}
                placeholder="State"
                value=""
/>,
              <label
                for="zip code"
/>,
              <input
                id="zipCode"
                name="zip_code"
                onChange={[Function]}
                placeholder="Zip Code"
                value=""
/>,
            ],
            "className": "reportFire-form-section",
          },
          "ref": null,
          "rendered": Array [
            Object {
              "instance": null,
              "key": undefined,
              "nodeType": "host",
              "props": Object {
                "for": "city",
              },
              "ref": null,
              "rendered": null,
              "type": "label",
            },
            Object {
              "instance": null,
              "key": undefined,
              "nodeType": "host",
              "props": Object {},
              "ref": null,
              "rendered": null,
              "type": "br",
            },
            Object {
              "instance": null,
              "key": undefined,
              "nodeType": "host",
              "props": Object {
                "children": Array [
                  <span
                    className="star"
>
                    *
</span>,
                  " optional",
                ],
              },
              "ref": null,
              "rendered": Array [
                Object {
                  "instance": null,
                  "key": undefined,
                  "nodeType": "host",
                  "props": Object {
                    "children": "*",
                    "className": "star",
                  },
                  "ref": null,
                  "rendered": "*",
                  "type": "span",
                },
                " optional",
              ],
              "type": "h3",
            },
            Object {
              "instance": null,
              "key": undefined,
              "nodeType": "host",
              "props": Object {
                "id": "city",
                "name": "city",
                "onChange": [Function],
                "placeholder": "City",
                "value": "",
              },
              "ref": null,
              "rendered": null,
              "type": "input",
            },
            Object {
              "instance": null,
              "key": undefined,
              "nodeType": "host",
              "props": Object {
                "for": "state",
              },
              "ref": null,
              "rendered": null,
              "type": "label",
            },
            Object {
              "instance": null,
              "key": undefined,
              "nodeType": "host",
              "props": Object {
                "id": "state",
                "name": "state",
                "onChange": [Function],
                "placeholder": "State",
                "value": "",
              },
              "ref": null,
              "rendered": null,
              "type": "input",
            },
            Object {
              "instance": null,
              "key": undefined,
              "nodeType": "host",
              "props": Object {
                "for": "zip code",
              },
              "ref": null,
              "rendered": null,
              "type": "label",
            },
            Object {
              "instance": null,
              "key": undefined,
              "nodeType": "host",
              "props": Object {
                "id": "zipCode",
                "name": "zip_code",
                "onChange": [Function],
                "placeholder": "Zip Code",
                "value": "",
              },
              "ref": null,
              "rendered": null,
              "type": "input",
            },
          ],
          "type": "section",
        },
        Object {
          "instance": null,
          "key": undefined,
          "nodeType": "host",
          "props": Object {
            "children": "Submit",
            "onClick": [Function],
          },
          "ref": null,
          "rendered": "Submit",
          "type": "button",
        },
      ],
      "type": "form",
    },
  ],
  Symbol(enzyme.__options__): Object {
    "adapter": ReactSixteenAdapter {
      "options": Object {
        "enableComponentDidUpdateOnSetState": true,
      },
    },
  },
}
`;
