// Jest Snapshot v1, https://goo.gl/fbAQLP

exports[`Header should match the snapshot 1`] = `
ShallowWrapper {
  "length": 1,
  Symbol(enzyme.__root__): [Circular],
  Symbol(enzyme.__unrendered__): <Unknown />,
  Symbol(enzyme.__renderer__): Object {
    "batchedUpdates": [Function],
    "getNode": [Function],
    "render": [Function],
    "simulateEvent": [Function],
    "unmount": [Function],
  },
  Symbol(enzyme.__node__): Object {
    "instance": null,
    "key": undefined,
    "nodeType": "host",
    "props": Object {
      "children": Array [
        <h1
          className="main-title"
>
           WildFire USA 
</h1>,
        <div
          className="header-navLinks"
>
          <NavLink
                    activeClassName="active"
                    aria-current="page"
                    exact={true}
                    to="/"
          >
                    Current Fires
          </NavLink>
          <NavLink
                    activeClassName="active"
                    aria-current="page"
                    exact={true}
                    to="/reportFires"
          >
                     Report a Fire 
          </NavLink>
</div>,
      ],
      "className": "header",
    },
    "ref": null,
    "rendered": Array [
      Object {
        "instance": null,
        "key": undefined,
        "nodeType": "host",
        "props": Object {
          "children": " WildFire USA ",
          "className": "main-title",
        },
        "ref": null,
        "rendered": " WildFire USA ",
        "type": "h1",
      },
      Object {
        "instance": null,
        "key": undefined,
        "nodeType": "host",
        "props": Object {
          "children": Array [
            <NavLink
              activeClassName="active"
              aria-current="page"
              exact={true}
              to="/"
>
              Current Fires
</NavLink>,
            <NavLink
              activeClassName="active"
              aria-current="page"
              exact={true}
              to="/reportFires"
>
               Report a Fire 
</NavLink>,
          ],
          "className": "header-navLinks",
        },
        "ref": null,
        "rendered": Array [
          Object {
            "instance": null,
            "key": undefined,
            "nodeType": "function",
            "props": Object {
              "activeClassName": "active",
              "aria-current": "page",
              "children": "Current Fires",
              "exact": true,
              "to": "/",
            },
            "ref": null,
            "rendered": "Current Fires",
            "type": [Function],
          },
          Object {
            "instance": null,
            "key": undefined,
            "nodeType": "function",
            "props": Object {
              "activeClassName": "active",
              "aria-current": "page",
              "children": " Report a Fire ",
              "exact": true,
              "to": "/reportFires",
            },
            "ref": null,
            "rendered": " Report a Fire ",
            "type": [Function],
          },
        ],
        "type": "div",
      },
    ],
    "type": "div",
  },
  Symbol(enzyme.__nodes__): Array [
    Object {
      "instance": null,
      "key": undefined,
      "nodeType": "host",
      "props": Object {
        "children": Array [
          <h1
            className="main-title"
>
             WildFire USA 
</h1>,
          <div
            className="header-navLinks"
>
            <NavLink
                        activeClassName="active"
                        aria-current="page"
                        exact={true}
                        to="/"
            >
                        Current Fires
            </NavLink>
            <NavLink
                        activeClassName="active"
                        aria-current="page"
                        exact={true}
                        to="/reportFires"
            >
                         Report a Fire 
            </NavLink>
</div>,
        ],
        "className": "header",
      },
      "ref": null,
      "rendered": Array [
        Object {
          "instance": null,
          "key": undefined,
          "nodeType": "host",
          "props": Object {
            "children": " WildFire USA ",
            "className": "main-title",
          },
          "ref": null,
          "rendered": " WildFire USA ",
          "type": "h1",
        },
        Object {
          "instance": null,
          "key": undefined,
          "nodeType": "host",
          "props": Object {
            "children": Array [
              <NavLink
                activeClassName="active"
                aria-current="page"
                exact={true}
                to="/"
>
                Current Fires
</NavLink>,
              <NavLink
                activeClassName="active"
                aria-current="page"
                exact={true}
                to="/reportFires"
>
                 Report a Fire 
</NavLink>,
            ],
            "className": "header-navLinks",
          },
          "ref": null,
          "rendered": Array [
            Object {
              "instance": null,
              "key": undefined,
              "nodeType": "function",
              "props": Object {
                "activeClassName": "active",
                "aria-current": "page",
                "children": "Current Fires",
                "exact": true,
                "to": "/",
              },
              "ref": null,
              "rendered": "Current Fires",
              "type": [Function],
            },
            Object {
              "instance": null,
              "key": undefined,
              "nodeType": "function",
              "props": Object {
                "activeClassName": "active",
                "aria-current": "page",
                "children": " Report a Fire ",
                "exact": true,
                "to": "/reportFires",
              },
              "ref": null,
              "rendered": " Report a Fire ",
              "type": [Function],
            },
          ],
          "type": "div",
        },
      ],
      "type": "div",
    },
  ],
  Symbol(enzyme.__options__): Object {
    "adapter": ReactSixteenAdapter {
      "options": Object {
        "enableComponentDidUpdateOnSetState": true,
      },
    },
  },
}
`;
