// Jest Snapshot v1, https://goo.gl/fbAQLP

exports[`ReportFires should match the snapshot 1`] = `
ShallowWrapper {
  "length": 1,
  Symbol(enzyme.__root__): [Circular],
  Symbol(enzyme.__unrendered__): <ReportFires />,
  Symbol(enzyme.__renderer__): Object {
    "batchedUpdates": [Function],
    "getNode": [Function],
    "render": [Function],
    "simulateEvent": [Function],
    "unmount": [Function],
  },
  Symbol(enzyme.__node__): Object {
    "instance": null,
    "key": undefined,
    "nodeType": "host",
    "props": Object {
      "children": Array [
        <div
          className="reportFires-map"
>
          <Connect(Wrapper)
                    style={
                              Object {
                                        "height": "100%",
                                        "width": "100%",
                                      }
                    }
          />
          <button
                    className="map-submit"
          >
                    Submit
          </button>
</div>,
        <div
          className="reportFires-form"
>
          <withRouter(Connect(ReportFiresForm)) />
</div>,
      ],
      "className": "reportFires",
    },
    "ref": null,
    "rendered": Array [
      Object {
        "instance": null,
        "key": undefined,
        "nodeType": "host",
        "props": Object {
          "children": Array [
            <Connect(Wrapper)
              style={
                            Object {
                                          "height": "100%",
                                          "width": "100%",
                                        }
              }
/>,
            <button
              className="map-submit"
>
              Submit
</button>,
          ],
          "className": "reportFires-map",
        },
        "ref": null,
        "rendered": Array [
          Object {
            "instance": null,
            "key": undefined,
            "nodeType": "class",
            "props": Object {
              "style": Object {
                "height": "100%",
                "width": "100%",
              },
            },
            "ref": null,
            "rendered": null,
            "type": [Function],
          },
          Object {
            "instance": null,
            "key": undefined,
            "nodeType": "host",
            "props": Object {
              "children": "Submit",
              "className": "map-submit",
            },
            "ref": null,
            "rendered": "Submit",
            "type": "button",
          },
        ],
        "type": "div",
      },
      Object {
        "instance": null,
        "key": undefined,
        "nodeType": "host",
        "props": Object {
          "children": <withRouter(Connect(ReportFiresForm)) />,
          "className": "reportFires-form",
        },
        "ref": null,
        "rendered": Object {
          "instance": null,
          "key": undefined,
          "nodeType": "function",
          "props": Object {},
          "ref": null,
          "rendered": null,
          "type": [Function],
        },
        "type": "div",
      },
    ],
    "type": "div",
  },
  Symbol(enzyme.__nodes__): Array [
    Object {
      "instance": null,
      "key": undefined,
      "nodeType": "host",
      "props": Object {
        "children": Array [
          <div
            className="reportFires-map"
>
            <Connect(Wrapper)
                        style={
                                    Object {
                                                "height": "100%",
                                                "width": "100%",
                                              }
                        }
            />
            <button
                        className="map-submit"
            >
                        Submit
            </button>
</div>,
          <div
            className="reportFires-form"
>
            <withRouter(Connect(ReportFiresForm)) />
</div>,
        ],
        "className": "reportFires",
      },
      "ref": null,
      "rendered": Array [
        Object {
          "instance": null,
          "key": undefined,
          "nodeType": "host",
          "props": Object {
            "children": Array [
              <Connect(Wrapper)
                style={
                                Object {
                                                "height": "100%",
                                                "width": "100%",
                                              }
                }
/>,
              <button
                className="map-submit"
>
                Submit
</button>,
            ],
            "className": "reportFires-map",
          },
          "ref": null,
          "rendered": Array [
            Object {
              "instance": null,
              "key": undefined,
              "nodeType": "class",
              "props": Object {
                "style": Object {
                  "height": "100%",
                  "width": "100%",
                },
              },
              "ref": null,
              "rendered": null,
              "type": [Function],
            },
            Object {
              "instance": null,
              "key": undefined,
              "nodeType": "host",
              "props": Object {
                "children": "Submit",
                "className": "map-submit",
              },
              "ref": null,
              "rendered": "Submit",
              "type": "button",
            },
          ],
          "type": "div",
        },
        Object {
          "instance": null,
          "key": undefined,
          "nodeType": "host",
          "props": Object {
            "children": <withRouter(Connect(ReportFiresForm)) />,
            "className": "reportFires-form",
          },
          "ref": null,
          "rendered": Object {
            "instance": null,
            "key": undefined,
            "nodeType": "function",
            "props": Object {},
            "ref": null,
            "rendered": null,
            "type": [Function],
          },
          "type": "div",
        },
      ],
      "type": "div",
    },
  ],
  Symbol(enzyme.__options__): Object {
    "adapter": ReactSixteenAdapter {
      "options": Object {
        "enableComponentDidUpdateOnSetState": true,
      },
    },
  },
}
`;
